Archive member included to satisfy reference by file (symbol)

c:/siliconlabs/simplicitystudio/v4/developer/toolchains/gnu_arm/7.2_2017q4/bin/../lib/gcc/arm-none-eabi/7.2.1/../../../../arm-none-eabi/lib/thumb/v8-m.main/fpv5-sp/softfp\libc_nano.a(lib_a-exit.o)
                              c:/siliconlabs/simplicitystudio/v4/developer/toolchains/gnu_arm/7.2_2017q4/bin/../lib/gcc/arm-none-eabi/7.2.1/../../../../arm-none-eabi/lib/thumb/v8-m.main/fpv5-sp/softfp/crt0.o (exit)
c:/siliconlabs/simplicitystudio/v4/developer/toolchains/gnu_arm/7.2_2017q4/bin/../lib/gcc/arm-none-eabi/7.2.1/../../../../arm-none-eabi/lib/thumb/v8-m.main/fpv5-sp/softfp\libc_nano.a(lib_a-impure.o)
                              c:/siliconlabs/simplicitystudio/v4/developer/toolchains/gnu_arm/7.2_2017q4/bin/../lib/gcc/arm-none-eabi/7.2.1/../../../../arm-none-eabi/lib/thumb/v8-m.main/fpv5-sp/softfp\libc_nano.a(lib_a-exit.o) (_global_impure_ptr)
c:/siliconlabs/simplicitystudio/v4/developer/toolchains/gnu_arm/7.2_2017q4/bin/../lib/gcc/arm-none-eabi/7.2.1/../../../../arm-none-eabi/lib/thumb/v8-m.main/fpv5-sp/softfp\libc_nano.a(lib_a-init.o)
                              c:/siliconlabs/simplicitystudio/v4/developer/toolchains/gnu_arm/7.2_2017q4/bin/../lib/gcc/arm-none-eabi/7.2.1/../../../../arm-none-eabi/lib/thumb/v8-m.main/fpv5-sp/softfp/crt0.o (__libc_init_array)
c:/siliconlabs/simplicitystudio/v4/developer/toolchains/gnu_arm/7.2_2017q4/bin/../lib/gcc/arm-none-eabi/7.2.1/../../../../arm-none-eabi/lib/thumb/v8-m.main/fpv5-sp/softfp\libc_nano.a(lib_a-memset.o)
                              c:/siliconlabs/simplicitystudio/v4/developer/toolchains/gnu_arm/7.2_2017q4/bin/../lib/gcc/arm-none-eabi/7.2.1/../../../../arm-none-eabi/lib/thumb/v8-m.main/fpv5-sp/softfp/crt0.o (memset)
c:/siliconlabs/simplicitystudio/v4/developer/toolchains/gnu_arm/7.2_2017q4/bin/../lib/gcc/arm-none-eabi/7.2.1/../../../../arm-none-eabi/lib/thumb/v8-m.main/fpv5-sp/softfp\libnosys.a(_exit.o)
                              c:/siliconlabs/simplicitystudio/v4/developer/toolchains/gnu_arm/7.2_2017q4/bin/../lib/gcc/arm-none-eabi/7.2.1/../../../../arm-none-eabi/lib/thumb/v8-m.main/fpv5-sp/softfp\libc_nano.a(lib_a-exit.o) (_exit)

Discarded input sections

 .text          0x00000000        0x0 c:/siliconlabs/simplicitystudio/v4/developer/toolchains/gnu_arm/7.2_2017q4/bin/../lib/gcc/arm-none-eabi/7.2.1/thumb/v8-m.main/fpv5-sp/softfp/crti.o
 .data          0x00000000        0x0 c:/siliconlabs/simplicitystudio/v4/developer/toolchains/gnu_arm/7.2_2017q4/bin/../lib/gcc/arm-none-eabi/7.2.1/thumb/v8-m.main/fpv5-sp/softfp/crti.o
 .bss           0x00000000        0x0 c:/siliconlabs/simplicitystudio/v4/developer/toolchains/gnu_arm/7.2_2017q4/bin/../lib/gcc/arm-none-eabi/7.2.1/thumb/v8-m.main/fpv5-sp/softfp/crti.o
 .data          0x00000000        0x4 c:/siliconlabs/simplicitystudio/v4/developer/toolchains/gnu_arm/7.2_2017q4/bin/../lib/gcc/arm-none-eabi/7.2.1/thumb/v8-m.main/fpv5-sp/softfp/crtbegin.o
 .data          0x00000000        0x0 c:/siliconlabs/simplicitystudio/v4/developer/toolchains/gnu_arm/7.2_2017q4/bin/../lib/gcc/arm-none-eabi/7.2.1/../../../../arm-none-eabi/lib/thumb/v8-m.main/fpv5-sp/softfp/crt0.o
 .bss           0x00000000        0x0 c:/siliconlabs/simplicitystudio/v4/developer/toolchains/gnu_arm/7.2_2017q4/bin/../lib/gcc/arm-none-eabi/7.2.1/../../../../arm-none-eabi/lib/thumb/v8-m.main/fpv5-sp/softfp/crt0.o
 .ARM.extab     0x00000000        0x0 c:/siliconlabs/simplicitystudio/v4/developer/toolchains/gnu_arm/7.2_2017q4/bin/../lib/gcc/arm-none-eabi/7.2.1/../../../../arm-none-eabi/lib/thumb/v8-m.main/fpv5-sp/softfp/crt0.o
 .data          0x00000000        0x0 ./CMSIS/EFR32BG22/startup_efr32bg22.o
 .bss           0x00000000        0x0 ./CMSIS/EFR32BG22/startup_efr32bg22.o
 .group         0x00000000        0xc ./CMSIS/EFR32BG22/system_efr32bg22.o
 .group         0x00000000        0xc ./CMSIS/EFR32BG22/system_efr32bg22.o
 .group         0x00000000        0xc ./CMSIS/EFR32BG22/system_efr32bg22.o
 .group         0x00000000        0xc ./CMSIS/EFR32BG22/system_efr32bg22.o
 .group         0x00000000        0xc ./CMSIS/EFR32BG22/system_efr32bg22.o
 .group         0x00000000        0xc ./CMSIS/EFR32BG22/system_efr32bg22.o
 .group         0x00000000        0xc ./CMSIS/EFR32BG22/system_efr32bg22.o
 .group         0x00000000        0xc ./CMSIS/EFR32BG22/system_efr32bg22.o
 .group         0x00000000        0xc ./CMSIS/EFR32BG22/system_efr32bg22.o
 .group         0x00000000        0xc ./CMSIS/EFR32BG22/system_efr32bg22.o
 .group         0x00000000        0xc ./CMSIS/EFR32BG22/system_efr32bg22.o
 .group         0x00000000        0xc ./CMSIS/EFR32BG22/system_efr32bg22.o
 .group         0x00000000        0xc ./CMSIS/EFR32BG22/system_efr32bg22.o
 .group         0x00000000        0xc ./CMSIS/EFR32BG22/system_efr32bg22.o
 .group         0x00000000        0xc ./CMSIS/EFR32BG22/system_efr32bg22.o
 .group         0x00000000        0xc ./CMSIS/EFR32BG22/system_efr32bg22.o
[...]
Memory Configuration

Name             Origin             Length             Attributes
FLASH            0x00000000         0x00080000         xr
RAM              0x20000000         0x00008000         xrw
*default*        0x00000000         0xffffffff

Linker script and memory map

LOAD c:/siliconlabs/simplicitystudio/v4/developer/toolchains/gnu_arm/7.2_2017q4/bin/../lib/gcc/arm-none-eabi/7.2.1/thumb/v8-m.main/fpv5-sp/softfp/crti.o
LOAD c:/siliconlabs/simplicitystudio/v4/developer/toolchains/gnu_arm/7.2_2017q4/bin/../lib/gcc/arm-none-eabi/7.2.1/thumb/v8-m.main/fpv5-sp/softfp/crtbegin.o
LOAD c:/siliconlabs/simplicitystudio/v4/developer/toolchains/gnu_arm/7.2_2017q4/bin/../lib/gcc/arm-none-eabi/7.2.1/../../../../arm-none-eabi/lib/thumb/v8-m.main/fpv5-sp/softfp/crt0.o
LOAD ./CMSIS/EFR32BG22/startup_efr32bg22.o
LOAD ./CMSIS/EFR32BG22/system_efr32bg22.o
LOAD ./emlib/em_cmu.o
LOAD ./emlib/em_core.o
LOAD ./emlib/em_emu.o
LOAD ./emlib/em_gpio.o
LOAD ./emlib/em_system.o
LOAD ./emlib/em_timer.o
LOAD ./src/main.o
START GROUP
LOAD c:/siliconlabs/simplicitystudio/v4/developer/toolchains/gnu_arm/7.2_2017q4/bin/../lib/gcc/arm-none-eabi/7.2.1/thumb/v8-m.main/fpv5-sp/softfp\libgcc.a
LOAD c:/siliconlabs/simplicitystudio/v4/developer/toolchains/gnu_arm/7.2_2017q4/bin/../lib/gcc/arm-none-eabi/7.2.1/../../../../arm-none-eabi/lib/thumb/v8-m.main/fpv5-sp/softfp\libc_nano.a
LOAD c:/siliconlabs/simplicitystudio/v4/developer/toolchains/gnu_arm/7.2_2017q4/bin/../lib/gcc/arm-none-eabi/7.2.1/../../../../arm-none-eabi/lib/thumb/v8-m.main/fpv5-sp/softfp\libnosys.a
END GROUP
START GROUP
LOAD c:/siliconlabs/simplicitystudio/v4/developer/toolchains/gnu_arm/7.2_2017q4/bin/../lib/gcc/arm-none-eabi/7.2.1/thumb/v8-m.main/fpv5-sp/softfp\libgcc.a
LOAD c:/siliconlabs/simplicitystudio/v4/developer/toolchains/gnu_arm/7.2_2017q4/bin/../lib/gcc/arm-none-eabi/7.2.1/../../../../arm-none-eabi/lib/thumb/v8-m.main/fpv5-sp/softfp\libg_nano.a
LOAD c:/siliconlabs/simplicitystudio/v4/developer/toolchains/gnu_arm/7.2_2017q4/bin/../lib/gcc/arm-none-eabi/7.2.1/../../../../arm-none-eabi/lib/thumb/v8-m.main/fpv5-sp/softfp\libc_nano.a
END GROUP
START GROUP
LOAD c:/siliconlabs/simplicitystudio/v4/developer/toolchains/gnu_arm/7.2_2017q4/bin/../lib/gcc/arm-none-eabi/7.2.1/thumb/v8-m.main/fpv5-sp/softfp\libgcc.a
LOAD c:/siliconlabs/simplicitystudio/v4/developer/toolchains/gnu_arm/7.2_2017q4/bin/../lib/gcc/arm-none-eabi/7.2.1/../../../../arm-none-eabi/lib/thumb/v8-m.main/fpv5-sp/softfp\libc_nano.a
END GROUP
LOAD c:/siliconlabs/simplicitystudio/v4/developer/toolchains/gnu_arm/7.2_2017q4/bin/../lib/gcc/arm-none-eabi/7.2.1/thumb/v8-m.main/fpv5-sp/softfp/crtend.o
LOAD c:/siliconlabs/simplicitystudio/v4/developer/toolchains/gnu_arm/7.2_2017q4/bin/../lib/gcc/arm-none-eabi/7.2.1/thumb/v8-m.main/fpv5-sp/softfp/crtn.o

.text           0x00000000      0xb54
 *(.vectors)
 .vectors       0x00000000      0x140 ./CMSIS/EFR32BG22/startup_efr32bg22.o
                0x00000000                __Vectors
                0x00000140                __Vectors_End = .
                0x00000140                __Vectors_Size = (__Vectors_End - __Vectors)
                0x00000140                __end__ = .
 *(.text*)
 .text          0x00000140       0x40 c:/siliconlabs/simplicitystudio/v4/developer/toolchains/gnu_arm/7.2_2017q4/bin/../lib/gcc/arm-none-eabi/7.2.1/thumb/v8-m.main/fpv5-sp/softfp/crtbegin.o
 .text          0x00000180       0x74 c:/siliconlabs/simplicitystudio/v4/developer/toolchains/gnu_arm/7.2_2017q4/bin/../lib/gcc/arm-none-eabi/7.2.1/../../../../arm-none-eabi/lib/thumb/v8-m.main/fpv5-sp/softfp/crt0.o
                0x00000180                _start
                0x00000180                _mainCRTStartup
 .text          0x000001f4       0x30 ./CMSIS/EFR32BG22/startup_efr32bg22.o
                0x000001f4                Reset_Handler
                0x00000220                SW2_IRQHandler
                0x00000220                TIMER2_IRQHandler
                0x00000220                DebugMon_Handler
                0x00000220                USART0_TX_IRQHandler
                0x00000220                PKE_IRQHandler
                0x00000220                PRORTC_IRQHandler
                0x00000220                IADC_IRQHandler
                0x00000220                I2C0_IRQHandler
                0x00000220                LFXO_IRQHandler
                0x00000220                CRYPTOACC_IRQHandler
                0x00000220                HardFault_Handler
                0x00000220                SMU_SECURE_IRQHandler
                0x00000220                SysTick_Handler
                0x00000220                USART1_RX_IRQHandler
                0x00000220                EMUEFP_IRQHandler
                0x00000220                PendSV_Handler
                0x00000220                NMI_Handler
                0x00000220                SYNTH_IRQHandler
                0x00000220                HFXO0_IRQHandler
                0x00000220                I2C1_IRQHandler
                0x00000220                PDM_IRQHandler
                0x00000220                WDOG0_IRQHandler
                0x00000220                TIMER3_IRQHandler
                0x00000220                SYSCFG_IRQHandler
                0x00000220                EMUSE_IRQHandler
                0x00000220                EMUDG_IRQHandler
                0x00000220                USART1_TX_IRQHandler
                0x00000220                SMU_PRIVILEGED_IRQHandler
                0x00000220                MSC_IRQHandler
                0x00000220                DPLL0_IRQHandler
                0x00000220                UsageFault_Handler
                0x00000220                M33CTI1_IRQHandler
                0x00000220                TIMER4_IRQHandler
                0x00000220                GPIO_EVEN_IRQHandler
                0x00000220                LDMA_IRQHandler
                0x00000220                SW0_IRQHandler
                0x00000220                TIMER0_IRQHandler
                0x00000220                ULFRCO_IRQHandler
                0x00000220                LETIMER0_IRQHandler
                0x00000220                TIMER1_IRQHandler
                0x00000220                HFRCO0_IRQHandler
                0x00000220                RFSENSE_IRQHandler
                0x00000220                BUFC_IRQHandler
                0x00000220                DCDC_IRQHandler
                0x00000220                MODEM_IRQHandler
                0x00000220                Default_Handler
                0x00000220                RAC_SEQ_IRQHandler
                0x00000220                FRC_PRI_IRQHandler
                0x00000220                SW3_IRQHandler
                0x00000220                EMU_IRQHandler
                0x00000220                KERNEL0_IRQHandler
                0x00000220                FRC_IRQHandler
                0x00000220                KERNEL1_IRQHandler
                0x00000220                AGC_IRQHandler
                0x00000220                sl_app_properties
                0x00000220                BURTC_IRQHandler
                0x00000220                LFRCO_IRQHandler
                0x00000220                USART0_RX_IRQHandler
                0x00000220                MemManage_Handler
                0x00000220                RDMAILBOX_IRQHandler
                0x00000220                SVC_Handler
                0x00000220                RTCC_IRQHandler
                0x00000220                SW1_IRQHandler
                0x00000220                CMU_IRQHandler
                0x00000220                RAC_RSM_IRQHandler
                0x00000220                EUART0_TX_IRQHandler
                0x00000220                EUART0_RX_IRQHandler
                0x00000220                GPIO_ODD_IRQHandler
                0x00000220                AES_IRQHandler
                0x00000220                M33CTI0_IRQHandler
                0x00000220                ICACHE0_IRQHandler
                0x00000220                SMU_NS_PRIVILEGED_IRQHandler
                0x00000220                PROTIMER_IRQHandler
                0x00000220                BusFault_Handler
                0x00000220                TRNG_IRQHandler
 .text.SystemInit
                0x00000224       0x1c ./CMSIS/EFR32BG22/system_efr32bg22.o
                0x00000224                SystemInit
 .text.SystemSYSCLKGet
                0x00000240       0x38 ./CMSIS/EFR32BG22/system_efr32bg22.o
                0x00000240                SystemSYSCLKGet
 .text.SystemHCLKGet
                0x00000278       0x4c ./CMSIS/EFR32BG22/system_efr32bg22.o
                0x00000278                SystemHCLKGet
 .text.SystemHFXOClockGet
                0x000002c4        0xc ./CMSIS/EFR32BG22/system_efr32bg22.o
                0x000002c4                SystemHFXOClockGet
 .text.SystemHFRCODPLLClockGet
                0x000002d0        0xc ./CMSIS/EFR32BG22/system_efr32bg22.o
                0x000002d0                SystemHFRCODPLLClockGet
 .text.SystemCLKIN0Get
                0x000002dc        0x4 ./CMSIS/EFR32BG22/system_efr32bg22.o
                0x000002dc                SystemCLKIN0Get
 .text.SystemFSRCOClockGet
                0x000002e0        0x8 ./CMSIS/EFR32BG22/system_efr32bg22.o
                0x000002e0                SystemFSRCOClockGet
 .text.SystemLFRCOClockGet
                0x000002e8        0x8 ./CMSIS/EFR32BG22/system_efr32bg22.o
                0x000002e8                SystemLFRCOClockGet
 .text.SystemULFRCOClockGet
                0x000002f0        0x8 ./CMSIS/EFR32BG22/system_efr32bg22.o
                0x000002f0                SystemULFRCOClockGet
 .text.SystemLFXOClockGet
                0x000002f8        0xc ./CMSIS/EFR32BG22/system_efr32bg22.o
                0x000002f8                SystemLFXOClockGet
 .text.em01GrpaClkGet
                0x00000304       0x48 ./emlib/em_cmu.o
 .text.iadcClkGet
                0x0000034c       0x48 ./emlib/em_cmu.o
 .text.em01GrpbClkGet
                0x00000394       0x64 ./emlib/em_cmu.o
 .text.em23GrpaClkGet
                0x000003f8       0x48 ./emlib/em_cmu.o
 .text.wdog0ClkGet
                0x00000440       0x54 ./emlib/em_cmu.o
 .text.rtccClkGet
                0x00000494       0x48 ./emlib/em_cmu.o
 .text.em4GrpaClkGet
                0x000004dc       0x48 ./emlib/em_cmu.o
 .text.euart0ClkGet
                0x00000524       0x34 ./emlib/em_cmu.o
 .text.CMU_ClockEnable
                0x00000558       0x6c ./emlib/em_cmu.o
                0x00000558                CMU_ClockEnable
 .text.CMU_ClockFreqGet
                0x000005c4      0x1a8 ./emlib/em_cmu.o
                0x000005c4                CMU_ClockFreqGet
 .text.GPIO_PinModeSet
                0x0000076c       0x98 ./emlib/em_gpio.o
                0x0000076c                GPIO_PinModeSet
 .text.TIMER_Init
                0x00000804       0x9c ./emlib/em_timer.o
                0x00000804                TIMER_Init
 .text.TIMER_InitCC
                0x000008a0       0xe0 ./emlib/em_timer.o
                0x000008a0                TIMER_InitCC
 .text.initCMU  0x00000980       0x18 ./src/main.o
                0x00000980                initCMU
 .text.initGPIO
                0x00000998       0x3c ./src/main.o
                0x00000998                initGPIO
 .text.initTIMER
                0x000009d4       0x74 ./src/main.o
                0x000009d4                initTIMER
 .text.startup.main
                0x00000a48       0x68 ./src/main.o
                0x00000a48                main
 .text.exit     0x00000ab0       0x28 c:/siliconlabs/simplicitystudio/v4/developer/toolchains/gnu_arm/7.2_2017q4/bin/../lib/gcc/arm-none-eabi/7.2.1/../../../../arm-none-eabi/lib/thumb/v8-m.main/fpv5-sp/softfp\libc_nano.a(lib_a-exit.o)
                0x00000ab0                exit
 .text.__libc_init_array
                0x00000ad8       0x48 c:/siliconlabs/simplicitystudio/v4/developer/toolchains/gnu_arm/7.2_2017q4/bin/../lib/gcc/arm-none-eabi/7.2.1/../../../../arm-none-eabi/lib/thumb/v8-m.main/fpv5-sp/softfp\libc_nano.a(lib_a-init.o)
                0x00000ad8                __libc_init_array
 .text.memset   0x00000b20       0x10 c:/siliconlabs/simplicitystudio/v4/developer/toolchains/gnu_arm/7.2_2017q4/bin/../lib/gcc/arm-none-eabi/7.2.1/../../../../arm-none-eabi/lib/thumb/v8-m.main/fpv5-sp/softfp\libc_nano.a(lib_a-memset.o)
                0x00000b20                memset
 .text._exit    0x00000b30        0x4 c:/siliconlabs/simplicitystudio/v4/developer/toolchains/gnu_arm/7.2_2017q4/bin/../lib/gcc/arm-none-eabi/7.2.1/../../../../arm-none-eabi/lib/thumb/v8-m.main/fpv5-sp/softfp\libnosys.a(_exit.o)
                0x00000b30                _exit
 *(.init)
 .init          0x00000b34        0x4 c:/siliconlabs/simplicitystudio/v4/developer/toolchains/gnu_arm/7.2_2017q4/bin/../lib/gcc/arm-none-eabi/7.2.1/thumb/v8-m.main/fpv5-sp/softfp/crti.o
                0x00000b34                _init
 .init          0x00000b38        0x8 c:/siliconlabs/simplicitystudio/v4/developer/toolchains/gnu_arm/7.2_2017q4/bin/../lib/gcc/arm-none-eabi/7.2.1/thumb/v8-m.main/fpv5-sp/softfp/crtn.o
 *(.fini)
 .fini          0x00000b40        0x4 c:/siliconlabs/simplicitystudio/v4/developer/toolchains/gnu_arm/7.2_2017q4/bin/../lib/gcc/arm-none-eabi/7.2.1/thumb/v8-m.main/fpv5-sp/softfp/crti.o
                0x00000b40                _fini
 .fini          0x00000b44        0x8 c:/siliconlabs/simplicitystudio/v4/developer/toolchains/gnu_arm/7.2_2017q4/bin/../lib/gcc/arm-none-eabi/7.2.1/thumb/v8-m.main/fpv5-sp/softfp/crtn.o
 *crtbegin.o(.ctors)
 *crtbegin?.o(.ctors)
 *(EXCLUDE_FILE(*crtend.o *crtend?.o) .ctors)
 *(SORT_BY_NAME(.ctors.*))
 *(.ctors)
 *crtbegin.o(.dtors)
 *crtbegin?.o(.dtors)
 *(EXCLUDE_FILE(*crtend.o *crtend?.o) .dtors)
 *(SORT_BY_NAME(.dtors.*))
 *(.dtors)
 *(.rodata*)
 .rodata._global_impure_ptr
                0x00000b4c        0x4 c:/siliconlabs/simplicitystudio/v4/developer/toolchains/gnu_arm/7.2_2017q4/bin/../lib/gcc/arm-none-eabi/7.2.1/../../../../arm-none-eabi/lib/thumb/v8-m.main/fpv5-sp/softfp\libc_nano.a(lib_a-impure.o)
                0x00000b4c                _global_impure_ptr
 *(.eh_frame*)
 .eh_frame      0x00000b50        0x0 c:/siliconlabs/simplicitystudio/v4/developer/toolchains/gnu_arm/7.2_2017q4/bin/../lib/gcc/arm-none-eabi/7.2.1/thumb/v8-m.main/fpv5-sp/softfp/crtbegin.o
 .eh_frame      0x00000b50        0x4 c:/siliconlabs/simplicitystudio/v4/developer/toolchains/gnu_arm/7.2_2017q4/bin/../lib/gcc/arm-none-eabi/7.2.1/thumb/v8-m.main/fpv5-sp/softfp/crtend.o

.glue_7         0x00000b54        0x0
 .glue_7        0x00000b54        0x0 linker stubs

.glue_7t        0x00000b54        0x0
 .glue_7t       0x00000b54        0x0 linker stubs

.vfp11_veneer   0x00000b54        0x0
 .vfp11_veneer  0x00000b54        0x0 linker stubs

.v4_bx          0x00000b54        0x0
 .v4_bx         0x00000b54        0x0 linker stubs

.iplt           0x00000b54        0x0
 .iplt          0x00000b54        0x0 c:/siliconlabs/simplicitystudio/v4/developer/toolchains/gnu_arm/7.2_2017q4/bin/../lib/gcc/arm-none-eabi/7.2.1/thumb/v8-m.main/fpv5-sp/softfp/crtbegin.o

.ARM.extab
 *(.ARM.extab* .gnu.linkonce.armextab.*)
                0x00000b54                __exidx_start = .

.ARM.exidx      0x00000b54        0x8
 *(.ARM.exidx* .gnu.linkonce.armexidx.*)
 .ARM.exidx     0x00000b54        0x8 c:/siliconlabs/simplicitystudio/v4/developer/toolchains/gnu_arm/7.2_2017q4/bin/../lib/gcc/arm-none-eabi/7.2.1/../../../../arm-none-eabi/lib/thumb/v8-m.main/fpv5-sp/softfp/crt0.o
                0x00000b5c                __exidx_end = .
                0x00000b5c                __etext = .

.rel.dyn        0x00000b5c        0x0
 .rel.iplt      0x00000b5c        0x0 c:/siliconlabs/simplicitystudio/v4/developer/toolchains/gnu_arm/7.2_2017q4/bin/../lib/gcc/arm-none-eabi/7.2.1/thumb/v8-m.main/fpv5-sp/softfp/crtbegin.o

.data           0x20000000       0x78 load address 0x00000b5c
                0x20000000                __data_start__ = .
 *(vtable)
 *(.data*)
 .data.SystemCoreClock
                0x20000000        0x4 ./CMSIS/EFR32BG22/system_efr32bg22.o
                0x20000000                SystemCoreClock
 .data.SystemHFRCODPLLClock
                0x20000004        0x4 ./CMSIS/EFR32BG22/system_efr32bg22.o
 .data.SystemHFXOClock
                0x20000008        0x4 ./CMSIS/EFR32BG22/system_efr32bg22.o
 .data.SystemLFXOClock
                0x2000000c        0x4 ./CMSIS/EFR32BG22/system_efr32bg22.o
 .data.impure_data
                0x20000010       0x60 c:/siliconlabs/simplicitystudio/v4/developer/toolchains/gnu_arm/7.2_2017q4/bin/../lib/gcc/arm-none-eabi/7.2.1/../../../../arm-none-eabi/lib/thumb/v8-m.main/fpv5-sp/softfp\libc_nano.a(lib_a-impure.o)
                0x20000070                . = ALIGN (0x4)
 *(.ram)
                0x20000070                . = ALIGN (0x4)
                0x20000070                PROVIDE (__preinit_array_start, .)
 *(.preinit_array)
                0x20000070                PROVIDE (__preinit_array_end, .)
                0x20000070                . = ALIGN (0x4)
                0x20000070                PROVIDE (__init_array_start, .)
 *(SORT_BY_NAME(.init_array.*))
 *(.init_array)
 .init_array    0x20000070        0x4 c:/siliconlabs/simplicitystudio/v4/developer/toolchains/gnu_arm/7.2_2017q4/bin/../lib/gcc/arm-none-eabi/7.2.1/thumb/v8-m.main/fpv5-sp/softfp/crtbegin.o
                0x20000074                PROVIDE (__init_array_end, .)
                0x20000074                . = ALIGN (0x4)
                [!provide]                PROVIDE (__fini_array_start, .)
 *(SORT_BY_NAME(.fini_array.*))
 *(.fini_array)
 .fini_array    0x20000074        0x4 c:/siliconlabs/simplicitystudio/v4/developer/toolchains/gnu_arm/7.2_2017q4/bin/../lib/gcc/arm-none-eabi/7.2.1/thumb/v8-m.main/fpv5-sp/softfp/crtbegin.o
                [!provide]                PROVIDE (__fini_array_end, .)
 *(.jcr*)
                0x20000078                . = ALIGN (0x4)
                0x20000078                __data_end__ = .

.igot.plt       0x20000078        0x0 load address 0x00000bd4
 .igot.plt      0x20000078        0x0 c:/siliconlabs/simplicitystudio/v4/developer/toolchains/gnu_arm/7.2_2017q4/bin/../lib/gcc/arm-none-eabi/7.2.1/thumb/v8-m.main/fpv5-sp/softfp/crtbegin.o

.bss            0x20000078       0x1c load address 0x00000bd4
                0x20000078                . = ALIGN (0x4)
                0x20000078                __bss_start__ = .
 *(.bss*)
 .bss           0x20000078       0x1c c:/siliconlabs/simplicitystudio/v4/developer/toolchains/gnu_arm/7.2_2017q4/bin/../lib/gcc/arm-none-eabi/7.2.1/thumb/v8-m.main/fpv5-sp/softfp/crtbegin.o
 *(COMMON)
                0x20000094                . = ALIGN (0x4)
                0x20000094                __bss_end__ = .

.heap           0x20000098      0xc00
                0x20000098                __HeapBase = .
                0x20000098                __end__ = .
                0x20000098                end = __end__
                0x20000098                _end = __end__
 *(.heap*)
 .heap          0x20000098      0xc00 ./CMSIS/EFR32BG22/startup_efr32bg22.o
                0x20000c98                __HeapLimit = .

.stack_dummy    0x20000098      0x400
 *(.stack*)
 .stack         0x20000098      0x400 ./CMSIS/EFR32BG22/startup_efr32bg22.o
                0x20008000                __StackTop = (ORIGIN (RAM) + LENGTH (RAM))
                0x20007c00                __StackLimit = (__StackTop - SIZEOF (.stack_dummy))
                0x20008000                PROVIDE (__stack, __StackTop)
                0x00000001                ASSERT ((__StackLimit >= __HeapLimit), region RAM overflowed with stack)
                0x00000001                ASSERT ((LENGTH (FLASH) >= (__etext + SIZEOF (.data))), FLASH memory overflowed !)
OUTPUT(timer_frequency_generation.axf elf32-littlearm)

.ARM.attributes
                0x00000000       0x34
 .ARM.attributes
                0x00000000       0x26 c:/siliconlabs/simplicitystudio/v4/developer/toolchains/gnu_arm/7.2_2017q4/bin/../lib/gcc/arm-none-eabi/7.2.1/thumb/v8-m.main/fpv5-sp/softfp/crti.o
 .ARM.attributes
                0x00000026       0x36 c:/siliconlabs/simplicitystudio/v4/developer/toolchains/gnu_arm/7.2_2017q4/bin/../lib/gcc/arm-none-eabi/7.2.1/thumb/v8-m.main/fpv5-sp/softfp/crtbegin.o
 .ARM.attributes
                0x0000005c       0x24 c:/siliconlabs/simplicitystudio/v4/developer/toolchains/gnu_arm/7.2_2017q4/bin/../lib/gcc/arm-none-eabi/7.2.1/../../../../arm-none-eabi/lib/thumb/v8-m.main/fpv5-sp/softfp/crt0.o
 .ARM.attributes
                0x00000080       0x24 ./CMSIS/EFR32BG22/startup_efr32bg22.o
 .ARM.attributes
                0x000000a4       0x3a ./CMSIS/EFR32BG22/system_efr32bg22.o
 .ARM.attributes
                0x000000de       0x3a ./emlib/em_cmu.o
 .ARM.attributes
                0x00000118       0x3a ./emlib/em_gpio.o
 .ARM.attributes
                0x00000152       0x3a ./emlib/em_timer.o
 .ARM.attributes
                0x0000018c       0x3a ./src/main.o
 .ARM.attributes
                0x000001c6       0x36 c:/siliconlabs/simplicitystudio/v4/developer/toolchains/gnu_arm/7.2_2017q4/bin/../lib/gcc/arm-none-eabi/7.2.1/../../../../arm-none-eabi/lib/thumb/v8-m.main/fpv5-sp/softfp\libc_nano.a(lib_a-exit.o)
 .ARM.attributes
                0x000001fc       0x36 c:/siliconlabs/simplicitystudio/v4/developer/toolchains/gnu_arm/7.2_2017q4/bin/../lib/gcc/arm-none-eabi/7.2.1/../../../../arm-none-eabi/lib/thumb/v8-m.main/fpv5-sp/softfp\libc_nano.a(lib_a-impure.o)
 .ARM.attributes
                0x00000232       0x36 c:/siliconlabs/simplicitystudio/v4/developer/toolchains/gnu_arm/7.2_2017q4/bin/../lib/gcc/arm-none-eabi/7.2.1/../../../../arm-none-eabi/lib/thumb/v8-m.main/fpv5-sp/softfp\libc_nano.a(lib_a-init.o)
 .ARM.attributes
                0x00000268       0x36 c:/siliconlabs/simplicitystudio/v4/developer/toolchains/gnu_arm/7.2_2017q4/bin/../lib/gcc/arm-none-eabi/7.2.1/../../../../arm-none-eabi/lib/thumb/v8-m.main/fpv5-sp/softfp\libc_nano.a(lib_a-memset.o)
 .ARM.attributes
                0x0000029e       0x36 c:/siliconlabs/simplicitystudio/v4/developer/toolchains/gnu_arm/7.2_2017q4/bin/../lib/gcc/arm-none-eabi/7.2.1/../../../../arm-none-eabi/lib/thumb/v8-m.main/fpv5-sp/softfp\libnosys.a(_exit.o)
 .ARM.attributes
                0x000002d4       0x36 c:/siliconlabs/simplicitystudio/v4/developer/toolchains/gnu_arm/7.2_2017q4/bin/../lib/gcc/arm-none-eabi/7.2.1/thumb/v8-m.main/fpv5-sp/softfp/crtend.o
 .ARM.attributes
                0x0000030a       0x26 c:/siliconlabs/simplicitystudio/v4/developer/toolchains/gnu_arm/7.2_2017q4/bin/../lib/gcc/arm-none-eabi/7.2.1/thumb/v8-m.main/fpv5-sp/softfp/crtn.o

.comment        0x00000000       0x7e
 .comment       0x00000000       0x7e ./CMSIS/EFR32BG22/system_efr32bg22.o
                                 0x7f (size before relaxing)
 .comment       0x0000007e       0x7f ./emlib/em_cmu.o
 .comment       0x0000007e       0x7f ./emlib/em_gpio.o
 .comment       0x0000007e       0x7f ./emlib/em_timer.o
 .comment       0x0000007e       0x7f ./src/main.o

.debug_line     0x00000000     0x3a66
 .debug_line    0x00000000       0xd7 ./CMSIS/EFR32BG22/startup_efr32bg22.o
 .debug_line    0x000000d7      0x93f ./CMSIS/EFR32BG22/system_efr32bg22.o
 .debug_line    0x00000a16     0x124e ./emlib/em_cmu.o
 .debug_line    0x00001c64      0x9a7 ./emlib/em_gpio.o
 .debug_line    0x0000260b      0xb1b ./emlib/em_timer.o
 .debug_line    0x00003126      0x940 ./src/main.o

.debug_info     0x00000000     0xf383
 .debug_info    0x00000000       0x26 ./CMSIS/EFR32BG22/startup_efr32bg22.o
 .debug_info    0x00000026     0x12ab ./CMSIS/EFR32BG22/system_efr32bg22.o
 .debug_info    0x000012d1     0x60cd ./emlib/em_cmu.o
 .debug_info    0x0000739e     0x22a5 ./emlib/em_gpio.o
 .debug_info    0x00009643     0x26d6 ./emlib/em_timer.o
 .debug_info    0x0000bd19     0x366a ./src/main.o

.debug_abbrev   0x00000000     0x1175
 .debug_abbrev  0x00000000       0x14 ./CMSIS/EFR32BG22/startup_efr32bg22.o
 .debug_abbrev  0x00000014      0x294 ./CMSIS/EFR32BG22/system_efr32bg22.o
 .debug_abbrev  0x000002a8      0x58d ./emlib/em_cmu.o
 .debug_abbrev  0x00000835      0x318 ./emlib/em_gpio.o
 .debug_abbrev  0x00000b4d      0x34a ./emlib/em_timer.o
 .debug_abbrev  0x00000e97      0x2de ./src/main.o

.debug_aranges  0x00000000      0x270
 .debug_aranges
                0x00000000       0x20 ./CMSIS/EFR32BG22/startup_efr32bg22.o
 .debug_aranges
                0x00000020       0x88 ./CMSIS/EFR32BG22/system_efr32bg22.o
 .debug_aranges
                0x000000a8      0x110 ./emlib/em_cmu.o
 .debug_aranges
                0x000001b8       0x40 ./emlib/em_gpio.o
 .debug_aranges
                0x000001f8       0x40 ./emlib/em_timer.o
 .debug_aranges
                0x00000238       0x38 ./src/main.o

.debug_str      0x00000000   0x18043d
 .debug_str     0x00000000       0xf6 ./CMSIS/EFR32BG22/startup_efr32bg22.o
 .debug_str     0x000000f6   0x177bf9 ./CMSIS/EFR32BG22/system_efr32bg22.o
                             0x1781a1 (size before relaxing)
 .debug_str     0x00177cef     0x5aca ./emlib/em_cmu.o
                             0x17dbdd (size before relaxing)
 .debug_str     0x0017d7b9      0x223 ./emlib/em_gpio.o
                             0x1791cd (size before relaxing)
 .debug_str     0x0017d9dc     0x297e ./emlib/em_timer.o
                             0x17a194 (size before relaxing)
 .debug_str     0x0018035a       0xe3 ./src/main.o
                             0x17b3c5 (size before relaxing)

.debug_loc      0x00000000     0x3833
 .debug_loc     0x00000000       0x94 ./CMSIS/EFR32BG22/system_efr32bg22.o
 .debug_loc     0x00000094     0x2665 ./emlib/em_cmu.o
 .debug_loc     0x000026f9      0x690 ./emlib/em_gpio.o
 .debug_loc     0x00002d89      0x950 ./emlib/em_timer.o
 .debug_loc     0x000036d9      0x15a ./src/main.o

.debug_ranges   0x00000000      0x6c0
 .debug_ranges  0x00000000       0x90 ./CMSIS/EFR32BG22/system_efr32bg22.o
 .debug_ranges  0x00000090      0x250 ./emlib/em_cmu.o
 .debug_ranges  0x000002e0      0x1a0 ./emlib/em_gpio.o
 .debug_ranges  0x00000480      0x1b8 ./emlib/em_timer.o
 .debug_ranges  0x00000638       0x88 ./src/main.o

.debug_macro    0x00000000    0x38906
 .debug_macro   0x00000000      0x2d8 ./CMSIS/EFR32BG22/system_efr32bg22.o
 .debug_macro   0x000002d8      0xa54 ./CMSIS/EFR32BG22/system_efr32bg22.o
 .debug_macro   0x00000d2c       0x22 ./CMSIS/EFR32BG22/system_efr32bg22.o
 .debug_macro   0x00000d4e       0x4f ./CMSIS/EFR32BG22/system_efr32bg22.o
 .debug_macro   0x00000d9d       0x51 ./CMSIS/EFR32BG22/system_efr32bg22.o
 .debug_macro   0x00000dee       0xef ./CMSIS/EFR32BG22/system_efr32bg22.o
 .debug_macro   0x00000edd       0x6a ./CMSIS/EFR32BG22/system_efr32bg22.o
 .debug_macro   0x00000f47      0x1df ./CMSIS/EFR32BG22/system_efr32bg22.o
 .debug_macro   0x00001126      0x7dc ./CMSIS/EFR32BG22/system_efr32bg22.o
 .debug_macro   0x00001902       0x1c ./CMSIS/EFR32BG22/system_efr32bg22.o
 .debug_macro   0x0000191e       0x29 ./CMSIS/EFR32BG22/system_efr32bg22.o
 .debug_macro   0x00001947       0xdf ./CMSIS/EFR32BG22/system_efr32bg22.o
 .debug_macro   0x00001a26     0x1401 ./CMSIS/EFR32BG22/system_efr32bg22.o
 .debug_macro   0x00002e27       0x5e ./CMSIS/EFR32BG22/system_efr32bg22.o
 .debug_macro   0x00002e85      0xe4f ./CMSIS/EFR32BG22/system_efr32bg22.o
 .debug_macro   0x00003cd4     0x12bd ./CMSIS/EFR32BG22/system_efr32bg22.o
 .debug_macro   0x00004f91      0x87c ./CMSIS/EFR32BG22/system_efr32bg22.o
 .debug_macro   0x0000580d      0x300 ./CMSIS/EFR32BG22/system_efr32bg22.o
 .debug_macro   0x00005b0d       0x34 ./CMSIS/EFR32BG22/system_efr32bg22.o
 .debug_macro   0x00005b41      0x304 ./CMSIS/EFR32BG22/system_efr32bg22.o
 .debug_macro   0x00005e45      0x456 ./CMSIS/EFR32BG22/system_efr32bg22.o
 .debug_macro   0x0000629b      0x4a1 ./CMSIS/EFR32BG22/system_efr32bg22.o
 .debug_macro   0x0000673c      0x156 ./CMSIS/EFR32BG22/system_efr32bg22.o
 .debug_macro   0x00006892      0x764 ./CMSIS/EFR32BG22/system_efr32bg22.o
 .debug_macro   0x00006ff6      0x363 ./CMSIS/EFR32BG22/system_efr32bg22.o
 .debug_macro   0x00007359     0x14f4 ./CMSIS/EFR32BG22/system_efr32bg22.o
 .debug_macro   0x0000884d       0x10 ./CMSIS/EFR32BG22/system_efr32bg22.o
 .debug_macro   0x0000885d      0x997 ./CMSIS/EFR32BG22/system_efr32bg22.o
 .debug_macro   0x000091f4     0x30be ./CMSIS/EFR32BG22/system_efr32bg22.o
 .debug_macro   0x0000c2b2      0xcb2 ./CMSIS/EFR32BG22/system_efr32bg22.o
 .debug_macro   0x0000cf64       0x4c ./CMSIS/EFR32BG22/system_efr32bg22.o
 .debug_macro   0x0000cfb0     0x15b8 ./CMSIS/EFR32BG22/system_efr32bg22.o
 .debug_macro   0x0000e568     0x212d ./CMSIS/EFR32BG22/system_efr32bg22.o
 .debug_macro   0x00010695      0x53c ./CMSIS/EFR32BG22/system_efr32bg22.o
 .debug_macro   0x00010bd1      0xfe5 ./CMSIS/EFR32BG22/system_efr32bg22.o
 .debug_macro   0x00011bb6      0x924 ./CMSIS/EFR32BG22/system_efr32bg22.o
 .debug_macro   0x000124da       0x34 ./CMSIS/EFR32BG22/system_efr32bg22.o
 .debug_macro   0x0001250e      0x308 ./CMSIS/EFR32BG22/system_efr32bg22.o
 .debug_macro   0x00012816      0x6a7 ./CMSIS/EFR32BG22/system_efr32bg22.o
 .debug_macro   0x00012ebd      0x618 ./CMSIS/EFR32BG22/system_efr32bg22.o
 .debug_macro   0x000134d5      0x9b0 ./CMSIS/EFR32BG22/system_efr32bg22.o
 .debug_macro   0x00013e85      0x91e ./CMSIS/EFR32BG22/system_efr32bg22.o
 .debug_macro   0x000147a3     0x1bca ./CMSIS/EFR32BG22/system_efr32bg22.o
 .debug_macro   0x0001636d      0x76b ./CMSIS/EFR32BG22/system_efr32bg22.o
 .debug_macro   0x00016ad8      0x8f3 ./CMSIS/EFR32BG22/system_efr32bg22.o
 .debug_macro   0x000173cb     0x14ed ./CMSIS/EFR32BG22/system_efr32bg22.o
 .debug_macro   0x000188b8      0x688 ./CMSIS/EFR32BG22/system_efr32bg22.o
 .debug_macro   0x00018f40      0x464 ./CMSIS/EFR32BG22/system_efr32bg22.o
 .debug_macro   0x000193a4     0x141b ./CMSIS/EFR32BG22/system_efr32bg22.o
 .debug_macro   0x0001a7bf     0x15ea ./CMSIS/EFR32BG22/system_efr32bg22.o
 .debug_macro   0x0001bda9     0x3753 ./CMSIS/EFR32BG22/system_efr32bg22.o
 .debug_macro   0x0001f4fc     0x17a9 ./CMSIS/EFR32BG22/system_efr32bg22.o
 .debug_macro   0x00020ca5      0x319 ./CMSIS/EFR32BG22/system_efr32bg22.o
 .debug_macro   0x00020fbe     0x53ed ./CMSIS/EFR32BG22/system_efr32bg22.o
 .debug_macro   0x000263ab     0x175c ./CMSIS/EFR32BG22/system_efr32bg22.o
 .debug_macro   0x00027b07     0x29ed ./CMSIS/EFR32BG22/system_efr32bg22.o
 .debug_macro   0x0002a4f4     0x789f ./CMSIS/EFR32BG22/system_efr32bg22.o
 .debug_macro   0x00031d93      0x143 ./CMSIS/EFR32BG22/system_efr32bg22.o
 .debug_macro   0x00031ed6      0xfae ./CMSIS/EFR32BG22/system_efr32bg22.o
 .debug_macro   0x00032e84     0x1376 ./CMSIS/EFR32BG22/system_efr32bg22.o
 .debug_macro   0x000341fa     0x1bff ./CMSIS/EFR32BG22/system_efr32bg22.o
 .debug_macro   0x00035df9      0x37d ./CMSIS/EFR32BG22/system_efr32bg22.o
 .debug_macro   0x00036176     0x106c ./CMSIS/EFR32BG22/system_efr32bg22.o
 .debug_macro   0x000371e2      0x391 ./emlib/em_cmu.o
 .debug_macro   0x00037573       0x22 ./emlib/em_cmu.o
 .debug_macro   0x00037595       0x10 ./emlib/em_cmu.o
 .debug_macro   0x000375a5       0xdc ./emlib/em_cmu.o
 .debug_macro   0x00037681       0x69 ./emlib/em_cmu.o
 .debug_macro   0x000376ea      0x111 ./emlib/em_cmu.o
 .debug_macro   0x000377fb      0x16d ./emlib/em_cmu.o
 .debug_macro   0x00037968       0x58 ./emlib/em_cmu.o
 .debug_macro   0x000379c0      0x34d ./emlib/em_cmu.o
 .debug_macro   0x00037d0d       0x25 ./emlib/em_cmu.o
 .debug_macro   0x00037d32       0xee ./emlib/em_cmu.o
 .debug_macro   0x00037e20       0x33 ./emlib/em_cmu.o
 .debug_macro   0x00037e53      0x2df ./emlib/em_gpio.o
 .debug_macro   0x00038132       0xd6 ./emlib/em_gpio.o
 .debug_macro   0x00038208      0x2e5 ./emlib/em_timer.o
 .debug_macro   0x000384ed       0x79 ./emlib/em_timer.o
 .debug_macro   0x00038566      0x321 ./src/main.o
 .debug_macro   0x00038887       0x7f ./src/main.o

.debug_frame    0x00000000      0x6e0
 .debug_frame   0x00000000       0xf0 ./CMSIS/EFR32BG22/system_efr32bg22.o
 .debug_frame   0x000000f0      0x38c ./emlib/em_cmu.o
 .debug_frame   0x0000047c       0x94 ./emlib/em_gpio.o
 .debug_frame   0x00000510       0xbc ./emlib/em_timer.o
 .debug_frame   0x000005cc       0x80 ./src/main.o
 .debug_frame   0x0000064c       0x28 c:/siliconlabs/simplicitystudio/v4/developer/toolchains/gnu_arm/7.2_2017q4/bin/../lib/gcc/arm-none-eabi/7.2.1/../../../../arm-none-eabi/lib/thumb/v8-m.main/fpv5-sp/softfp\libc_nano.a(lib_a-exit.o)
 .debug_frame   0x00000674       0x2c c:/siliconlabs/simplicitystudio/v4/developer/toolchains/gnu_arm/7.2_2017q4/bin/../lib/gcc/arm-none-eabi/7.2.1/../../../../arm-none-eabi/lib/thumb/v8-m.main/fpv5-sp/softfp\libc_nano.a(lib_a-init.o)
 .debug_frame   0x000006a0       0x20 c:/siliconlabs/simplicitystudio/v4/developer/toolchains/gnu_arm/7.2_2017q4/bin/../lib/gcc/arm-none-eabi/7.2.1/../../../../arm-none-eabi/lib/thumb/v8-m.main/fpv5-sp/softfp\libc_nano.a(lib_a-memset.o)
 .debug_frame   0x000006c0       0x20 c:/siliconlabs/simplicitystudio/v4/developer/toolchains/gnu_arm/7.2_2017q4/bin/../lib/gcc/arm-none-eabi/7.2.1/../../../../arm-none-eabi/lib/thumb/v8-m.main/fpv5-sp/softfp\libnosys.a(_exit.o)
